#-----------------------------------------------------------
# Vivado v2024.2.1 (64-bit)
# SW Build 5266912 on Sun Dec 15 09:03:31 MST 2024
# IP Build 5264866 on Sun Dec 15 16:27:47 MST 2024
# SharedData Build 5264680 on Wed Dec 11 12:48:36 MST 2024
# Start of session at: Wed Jan 29 10:31:12 2025
# Process ID         : 20442
# Current directory  : /home/ericbreh/school/cse293-final-project/eth_project/eth_project.runs/design_1_axis_gpio_0_0_synth_1
# Command line       : vivado -log design_1_axis_gpio_0_0.vds -product Vivado -mode batch -messageDb vivado.pb -notrace -source design_1_axis_gpio_0_0.tcl
# Log file           : /home/ericbreh/school/cse293-final-project/eth_project/eth_project.runs/design_1_axis_gpio_0_0_synth_1/design_1_axis_gpio_0_0.vds
# Journal file       : /home/ericbreh/school/cse293-final-project/eth_project/eth_project.runs/design_1_axis_gpio_0_0_synth_1/vivado.jou
# Running On         : titan
# Platform           : Ubuntu
# Operating System   : Ubuntu 24.04.1 LTS
# Processor Detail   : Intel(R) Core(TM) i7-10610U CPU @ 1.80GHz
# CPU Frequency      : 2304.007 MHz
# CPU Physical cores : 4
# CPU Logical cores  : 8
# Host memory        : 8185 MB
# Swap memory        : 2147 MB
# Total Virtual      : 10332 MB
# Available Virtual  : 4419 MB
#-----------------------------------------------------------
source design_1_axis_gpio_0_0.tcl -notrace
