#-----------------------------------------------------------
# Vivado v2024.2.1 (64-bit)
# SW Build 5266912 on Sun Dec 15 09:03:31 MST 2024
# IP Build 5264866 on Sun Dec 15 16:27:47 MST 2024
# SharedData Build 5264680 on Wed Dec 11 12:48:36 MST 2024
# Start of session at: Fri Feb 28 14:55:45 2025
# Process ID         : 24358
# Current directory  : /home/erreeves/Documents/repos/cse293-final-project
# Command line       : vivado
# Log file           : /home/erreeves/Documents/repos/cse293-final-project/vivado.log
# Journal file       : /home/erreeves/Documents/repos/cse293-final-project/vivado.jou
# Running On         : Arch-Laptop
# Platform           : Arch
# Operating System   : Arch Linux
# Processor Detail   : 11th Gen Intel(R) Core(TM) i7-1165G7 @ 2.80GHz
# CPU Frequency      : 400.000 MHz
# CPU Physical cores : 4
# CPU Logical cores  : 8
# Host memory        : 16447 MB
# Swap memory        : 17179 MB
# Total Virtual      : 33626 MB
# Available Virtual  : 32371 MB
#-----------------------------------------------------------
start_gui
open_project /home/erreeves/Documents/repos/cse293-final-project/synth/vivado_nexysa7/build/nexysa7/nexysa7.xpr
open_bd_design {/home/erreeves/Documents/repos/cse293-final-project/synth/vivado_nexysa7/build/nexysa7/nexysa7.srcs/sources_1/bd/block_design/block_design.bd}
update_compile_order -fileset sources_1
