#-----------------------------------------------------------
# Vivado v2024.2.1 (64-bit)
# SW Build 5266912 on Sun Dec 15 09:03:31 MST 2024
# IP Build 5264866 on Sun Dec 15 16:27:47 MST 2024
# SharedData Build 5264680 on Wed Dec 11 12:48:36 MST 2024
# Start of session at: Fri Jan 24 14:21:47 2025
# Process ID         : 29633
# Current directory  : /home/erreeves/Documents/school/cse293/final_project/ethernet-alexforencich/example/NexysVideo/fpga/fpga/fpga.runs/synth_1
# Command line       : vivado -log fpga.vds -product Vivado -mode batch -messageDb vivado.pb -notrace -source fpga.tcl
# Log file           : /home/erreeves/Documents/school/cse293/final_project/ethernet-alexforencich/example/NexysVideo/fpga/fpga/fpga.runs/synth_1/fpga.vds
# Journal file       : /home/erreeves/Documents/school/cse293/final_project/ethernet-alexforencich/example/NexysVideo/fpga/fpga/fpga.runs/synth_1/vivado.jou
# Running On         : DESKTOP-U8LBIVB
# Platform           : Ubuntu
# Operating System   : Ubuntu 24.04.1 LTS
# Processor Detail   : 11th Gen Intel(R) Core(TM) i7-1165G7 @ 2.80GHz
# CPU Frequency      : 2803.200 MHz
# CPU Physical cores : 4
# CPU Logical cores  : 8
# Host memory        : 8170 MB
# Swap memory        : 2147 MB
# Total Virtual      : 10318 MB
# Available Virtual  : 7088 MB
#-----------------------------------------------------------
source fpga.tcl -notrace
